// Test javascript to parse imports

import 'a';
import 'b';
import 'u';

import c              from 'libc';
import d              from 'libd';
import e as E         from 'libe';
import f as F         from 'libf';
import *, {z as Z}    from 'starz';
import v, {w, x as X} from 'vwx';
import *              from 'y';

import {s, t}         from '..//../libst';
import k as K         from '../..//libk';
import l as L         from '../..//libl';
import *              from '../../../libm';
import *              from '../../../libn';
import {aaaa, bbbb, cccc, dddd, eeee, ffff, gggg, hhhh}
                      from '../libo';

import {importfrom}   from './import-from-test';
import {g, h, i as I} from './libg';
import {h}            from './libh';
import {i, i2}        from './libi';
import {j, j2}        from './libj';

//import p1 from './libp1';
/*import p2 from 'libp2';
import q from 'libq';
import r from 'libr';*/
/*,u,v*/
/*'../..*/
// end
